
> minimal-express-app@1.0.0 dev
> nodemon src/server.js

[33m[nodemon] 3.1.9[39m
[33m[nodemon] to restart at any time, enter `rs`[39m
[33m[nodemon] watching path(s): src/**/*[39m
[33m[nodemon] watching extensions: js,json[39m
[32m[nodemon] starting `node src/server.js`[39m
Server running at http://0.0.0.0:3001
[32m[nodemon] restarting due to changes...[39m
[32m[nodemon] starting `node src/server.js`[39m
/home/kavia/workspace/code-generation/timenowapi-120416-06a2e6a1/express_backend/src/routes/time.js:72
router.post('/time/set', timeController.setTime.bind(timeController));
                                                ^

TypeError: Cannot read properties of undefined (reading 'bind')
    at Object.<anonymous> (/home/kavia/workspace/code-generation/timenowapi-120416-06a2e6a1/express_backend/src/routes/time.js:72:49)
    at Module._compile (node:internal/modules/cjs/loader:1364:14)
    at Module._extensions..js (node:internal/modules/cjs/loader:1422:10)
    at Module.load (node:internal/modules/cjs/loader:1203:32)
    at Module._load (node:internal/modules/cjs/loader:1019:12)
    at Module.require (node:internal/modules/cjs/loader:1231:19)
    at require (node:internal/modules/helpers:177:18)
    at Object.<anonymous> (/home/kavia/workspace/code-generation/timenowapi-120416-06a2e6a1/express_backend/src/routes/index.js:3:20)
    at Module._compile (node:internal/modules/cjs/loader:1364:14)
    at Module._extensions..js (node:internal/modules/cjs/loader:1422:10)

Node.js v18.20.6
[31m[nodemon] app crashed - waiting for file changes before starting...[39m
[32m[nodemon] restarting due to changes...[39m
[32m[nodemon] starting `node src/server.js`[39m
/home/kavia/workspace/code-generation/timenowapi-120416-06a2e6a1/express_backend/src/routes/time.js:72
router.post('/time/set', timeController.setTime.bind(timeController));
                                                ^

TypeError: Cannot read properties of undefined (reading 'bind')
    at Object.<anonymous> (/home/kavia/workspace/code-generation/timenowapi-120416-06a2e6a1/express_backend/src/routes/time.js:72:49)
    at Module._compile (node:internal/modules/cjs/loader:1364:14)
    at Module._extensions..js (node:internal/modules/cjs/loader:1422:10)
    at Module.load (node:internal/modules/cjs/loader:1203:32)
    at Module._load (node:internal/modules/cjs/loader:1019:12)
    at Module.require (node:internal/modules/cjs/loader:1231:19)
    at require (node:internal/modules/helpers:177:18)
    at Object.<anonymous> (/home/kavia/workspace/code-generation/timenowapi-120416-06a2e6a1/express_backend/src/routes/index.js:3:20)
    at Module._compile (node:internal/modules/cjs/loader:1364:14)
    at Module._extensions..js (node:internal/modules/cjs/loader:1422:10)

Node.js v18.20.6
[31m[nodemon] app crashed - waiting for file changes before starting...[39m
[32m[nodemon] restarting due to changes...[39m
[32m[nodemon] starting `node src/server.js`[39m
Server running at http://0.0.0.0:3001
